###############################################################################
#
# IAR ELF Linker V7.60.2.11341/W32 for ARM                03/Jan/2017  10:42:03
# Copyright 2007-2016 IAR Systems AB.
#
#    Output file  =  
#        D:\Cygni\Products\Inverterless\Codes\V3.0
#        Compatible\Timer_Counter\EWARM\Debug\Exe\Project.out
#    Map file     =  
#        D:\Cygni\Products\Inverterless\Codes\V3.0
#        Compatible\Timer_Counter\EWARM\Debug\List\Project.map
#    Command line =  
#        "D:\Cygni\Products\Inverterless\Codes\V3.0
#        Compatible\Timer_Counter\EWARM\Debug\Obj\main.o"
#        "D:\Cygni\Products\Inverterless\Codes\V3.0
#        Compatible\Timer_Counter\EWARM\Debug\Obj\startup_stm32f0xx.o"
#        "D:\Cygni\Products\Inverterless\Codes\V3.0
#        Compatible\Timer_Counter\EWARM\Debug\Obj\stm32f0xx_gpio.o"
#        "D:\Cygni\Products\Inverterless\Codes\V3.0
#        Compatible\Timer_Counter\EWARM\Debug\Obj\stm32f0xx_misc.o"
#        "D:\Cygni\Products\Inverterless\Codes\V3.0
#        Compatible\Timer_Counter\EWARM\Debug\Obj\stm32f0xx_rcc.o"
#        "D:\Cygni\Products\Inverterless\Codes\V3.0
#        Compatible\Timer_Counter\EWARM\Debug\Obj\stm32f0xx_tim.o"
#        "D:\Cygni\Products\Inverterless\Codes\V3.0
#        Compatible\Timer_Counter\EWARM\Debug\Obj\system_stm32f0xx.o"
#        "D:\Cygni\Products\Inverterless\Codes\V3.0
#        Compatible\Timer_Counter\EWARM\Debug\Obj\user_config.o" -o
#        "D:\Cygni\Products\Inverterless\Codes\V3.0
#        Compatible\Timer_Counter\EWARM\Debug\Exe\Project.out" --map
#        "D:\Cygni\Products\Inverterless\Codes\V3.0
#        Compatible\Timer_Counter\EWARM\Debug\List\Project.map" --config
#        "D:\Cygni\Products\Inverterless\Codes\V3.0
#        Compatible\Timer_Counter\EWARM\stm32f0xx_flash.icf" --semihosting
#        --entry __iar_program_start --vfe
#
###############################################################################

*******************************************************************************
*** RUNTIME MODEL ATTRIBUTES
***

CppFlavor       = *
__SystemLibrary = DLib


*******************************************************************************
*** PLACEMENT SUMMARY
***

"A1":  place at 0x08000000 { ro section .intvec };
"P1":  place in [from 0x08000000 to 0x0800ffff] { ro };
"P2":  place in [from 0x20000000 to 0x20001fff] { rw, block CSTACK, block HEAP };

  Section   Kind        Address   Size  Object
  -------   ----        -------   ----  ------
"A1":                             0xc0
  .intvec   ro code  0x08000000   0xc0  startup_stm32f0xx.o [1]
                   - 0x080000c0   0xc0

"P1":                            0x71e
  .text     ro code  0x080000c0  0x240  stm32f0xx_rcc.o [1]
  .text     ro code  0x08000300  0x1bc  stm32f0xx_gpio.o [1]
  .text     ro code  0x080004bc  0x164  system_stm32f0xx.o [1]
  .text     ro code  0x08000620   0xde  user_config.o [1]
  .text     ro code  0x080006fe    0x2  startup_stm32f0xx.o [1]
  .text     ro code  0x08000700   0x3c  startup_stm32f0xx.o [1]
  .text     ro code  0x0800073c   0x1a  cmain.o [4]
  .text     ro code  0x08000756    0x4  low_level_init.o [3]
  .text     ro code  0x0800075a   0x10  main.o [1]
  .text     ro code  0x0800076a    0x8  exit.o [3]
  .text     ro code  0x08000772    0x2  startup_stm32f0xx.o [1]
  .text     ro code  0x08000774    0xa  cexit.o [4]
  .text     ro code  0x0800077e    0x2  startup_stm32f0xx.o [1]
  .text     ro code  0x08000780   0x14  exit.o [5]
  .text     ro code  0x08000794    0xc  cstartup_M.o [4]
  .text     ro code  0x080007a0    0x2  startup_stm32f0xx.o [1]
  .text     ro code  0x080007a2    0x2  startup_stm32f0xx.o [1]
  .text     ro code  0x080007a4    0x2  startup_stm32f0xx.o [1]
  .text     ro code  0x080007a6    0x2  startup_stm32f0xx.o [1]
  .text     ro code  0x080007a8    0x2  startup_stm32f0xx.o [1]
  .text     ro code  0x080007aa    0x2  startup_stm32f0xx.o [1]
  .text     ro code  0x080007ac    0x2  startup_stm32f0xx.o [1]
  .text     ro code  0x080007ae    0x2  startup_stm32f0xx.o [1]
  .text     ro code  0x080007b0    0x2  startup_stm32f0xx.o [1]
  .text     ro code  0x080007b2    0x2  startup_stm32f0xx.o [1]
  .text     ro code  0x080007b4    0x2  startup_stm32f0xx.o [1]
  .text     ro code  0x080007b6    0x2  startup_stm32f0xx.o [1]
  .text     ro code  0x080007b8    0x2  startup_stm32f0xx.o [1]
  .text     ro code  0x080007ba    0x2  startup_stm32f0xx.o [1]
  .text     ro code  0x080007bc    0x2  startup_stm32f0xx.o [1]
  .text     ro code  0x080007be    0x2  startup_stm32f0xx.o [1]
  .text     ro code  0x080007c0    0x2  startup_stm32f0xx.o [1]
  .text     ro code  0x080007c2    0x2  startup_stm32f0xx.o [1]
  .text     ro code  0x080007c4    0x2  startup_stm32f0xx.o [1]
  .text     ro code  0x080007c6    0x2  startup_stm32f0xx.o [1]
  .text     ro code  0x080007c8    0x2  startup_stm32f0xx.o [1]
  .text     ro code  0x080007ca    0x2  startup_stm32f0xx.o [1]
  .text     ro code  0x080007cc    0x2  startup_stm32f0xx.o [1]
  .text     ro code  0x080007ce    0x2  startup_stm32f0xx.o [1]
  .text     ro code  0x080007d0    0x2  startup_stm32f0xx.o [1]
  .text     ro code  0x080007d2    0x2  startup_stm32f0xx.o [1]
  .text     ro code  0x080007d4    0x2  startup_stm32f0xx.o [1]
  .text     ro code  0x080007d6    0x2  startup_stm32f0xx.o [1]
  .text     ro code  0x080007d8    0x2  startup_stm32f0xx.o [1]
  .text     ro code  0x080007da    0x2  startup_stm32f0xx.o [1]
  .text     ro code  0x080007dc    0x2  startup_stm32f0xx.o [1]
                   - 0x080007de  0x71e

"P2":                            0x400
  CSTACK             0x20000000  0x400  <Block>
    CSTACK  uninit   0x20000000  0x400  <Block tail>
                   - 0x20000400  0x400



*******************************************************************************
*** MODULE SUMMARY
***

    Module               ro code  rw data
    ------               -------  -------
D:\Cygni\Products\Inverterless\Codes\V3.0 Compatible\Timer_Counter\EWARM\Debug\Obj: [1]
    main.o                    16
    startup_stm32f0xx.o      320
    stm32f0xx_gpio.o         444
    stm32f0xx_rcc.o          576
    system_stm32f0xx.o       356
    user_config.o            222
    -------------------------------------
    Total:                 1 934

command line: [2]
    -------------------------------------
    Total:

dl6M_tln.a: [3]
    exit.o                     8
    low_level_init.o           4
    -------------------------------------
    Total:                    12

rt6M_tl.a: [4]
    cexit.o                   10
    cmain.o                   26
    cstartup_M.o              12
    -------------------------------------
    Total:                    48

shb_l.a: [5]
    exit.o                    20
    -------------------------------------
    Total:                    20

    Linker created                  1 024
-----------------------------------------
    Grand Total:           2 014    1 024


*******************************************************************************
*** ENTRY LIST
***

Entry                      Address  Size  Type      Object
-----                      -------  ----  ----      ------
?main                   0x0800073d        Code  Gb  cmain.o [4]
CSTACK$$Base            0x20000000         --   Gb  - Linker created -
CSTACK$$Limit           0x20000400         --   Gb  - Linker created -
Clk_Config              0x08000621  0x6a  Code  Gb  user_config.o [1]
GPIO_Config             0x080006b3  0x4c  Code  Gb  user_config.o [1]
GPIO_DeInit             0x08000301  0xac  Code  Gb  stm32f0xx_gpio.o [1]
GPIO_Init               0x080003ad  0xa0  Code  Gb  stm32f0xx_gpio.o [1]
GPIO_PinAFConfig        0x08000461  0x5c  Code  Gb  stm32f0xx_gpio.o [1]
RCC_ADCCLKConfig        0x08000185  0x32  Code  Gb  stm32f0xx_rcc.o [1]
RCC_AHBPeriphClockCmd   0x08000239  0x20  Code  Gb  stm32f0xx_rcc.o [1]
RCC_AHBPeriphResetCmd   0x08000279  0x20  Code  Gb  stm32f0xx_rcc.o [1]
RCC_APB2PeriphClockCmd  0x08000259  0x20  Code  Gb  stm32f0xx_rcc.o [1]
RCC_Config              0x08000699  0x1a  Code  Gb  user_config.o [1]
RCC_GetFlagStatus       0x08000299  0x4a  Code  Gb  stm32f0xx_rcc.o [1]
RCC_GetSYSCLKSource     0x08000143   0xa  Code  Gb  stm32f0xx_rcc.o [1]
RCC_HCLKConfig          0x0800014d  0x14  Code  Gb  stm32f0xx_rcc.o [1]
RCC_MCOConfig           0x08000115  0x1a  Code  Gb  stm32f0xx_rcc.o [1]
RCC_PCLKConfig          0x08000169  0x16  Code  Gb  stm32f0xx_rcc.o [1]
RCC_PLLCmd              0x080000db  0x26  Code  Gb  stm32f0xx_rcc.o [1]
RCC_PLLConfig           0x080000c1  0x1a  Code  Gb  stm32f0xx_rcc.o [1]
RCC_PREDIV1Config       0x08000101  0x14  Code  Gb  stm32f0xx_rcc.o [1]
RCC_SYSCLKConfig        0x0800012f  0x14  Code  Gb  stm32f0xx_rcc.o [1]
RCC_USARTCLKConfig      0x080001b9  0x42  Code  Gb  stm32f0xx_rcc.o [1]
RCC_USBCLKConfig        0x080001fb  0x18  Code  Gb  stm32f0xx_rcc.o [1]
Region$$Table$$Base     0x00000000         --   Gb  - Linker created -
Region$$Table$$Limit    0x00000000         --   Gb  - Linker created -
SetSysClock             0x0800052b  0xbe  Code  Lc  system_stm32f0xx.o [1]
SystemInit              0x080004bd  0x6e  Code  Gb  system_stm32f0xx.o [1]
__ICFEDIT_region_RAM_end__ {Abs}
                        0x20001fff         --   Gb  command line/config [2]
__ICFEDIT_region_RAM_start__ {Abs}
                        0x20000000         --   Gb  command line/config [2]
__cmain                 0x0800073d        Code  Gb  cmain.o [4]
__exit                  0x08000781  0x14  Code  Gb  exit.o [5]
__iar_program_start     0x08000795        Code  Gb  cstartup_M.o [4]
__low_level_init        0x08000757   0x4  Code  Gb  low_level_init.o [3]
__vector_table          0x08000000        Data  Gb  startup_stm32f0xx.o [1]
_call_main              0x08000749        Code  Gb  cmain.o [4]
_exit                   0x08000775        Code  Gb  cexit.o [4]
_main                   0x08000753        Code  Gb  cmain.o [4]
exit                    0x0800076b   0x8  Code  Gb  exit.o [3]
main                    0x0800075b  0x10  Code  Gb  main.o [1]


[1] = D:\Cygni\Products\Inverterless\Codes\V3.0 Compatible\Timer_Counter\EWARM\Debug\Obj
[2] = command line
[3] = dl6M_tln.a
[4] = rt6M_tl.a
[5] = shb_l.a

  2 014 bytes of readonly  code memory
  1 024 bytes of readwrite data memory

Errors: none
Warnings: none
