###############################################################################
#
# IAR ELF Linker V7.60.2.11341/W32 for ARM                02/Jan/2017  16:28:08
# Copyright 2007-2016 IAR Systems AB.
#
#    Output file  =  
#        D:\Cygni\Products\GOA\Codes\2.
#        RTC_UART\RTC_UART\EWARM\Debug\Exe\RTC_UART.out
#    Map file     =  
#        D:\Cygni\Products\GOA\Codes\2.
#        RTC_UART\RTC_UART\EWARM\Debug\List\RTC_UART.map
#    Command line =  
#        "D:\Cygni\Products\GOA\Codes\2.
#        RTC_UART\RTC_UART\EWARM\Debug\Obj\core_cm3.o"
#        "D:\Cygni\Products\GOA\Codes\2.
#        RTC_UART\RTC_UART\EWARM\Debug\Obj\main.o"
#        "D:\Cygni\Products\GOA\Codes\2.
#        RTC_UART\RTC_UART\EWARM\Debug\Obj\manual_config.o"
#        "D:\Cygni\Products\GOA\Codes\2.
#        RTC_UART\RTC_UART\EWARM\Debug\Obj\misc.o"
#        "D:\Cygni\Products\GOA\Codes\2.
#        RTC_UART\RTC_UART\EWARM\Debug\Obj\startup_stm32f10x_cl.o"
#        "D:\Cygni\Products\GOA\Codes\2.
#        RTC_UART\RTC_UART\EWARM\Debug\Obj\stm32f10x_bkp.o"
#        "D:\Cygni\Products\GOA\Codes\2.
#        RTC_UART\RTC_UART\EWARM\Debug\Obj\stm32f10x_gpio.o"
#        "D:\Cygni\Products\GOA\Codes\2.
#        RTC_UART\RTC_UART\EWARM\Debug\Obj\stm32f10x_it.o"
#        "D:\Cygni\Products\GOA\Codes\2.
#        RTC_UART\RTC_UART\EWARM\Debug\Obj\stm32f10x_pwr.o"
#        "D:\Cygni\Products\GOA\Codes\2.
#        RTC_UART\RTC_UART\EWARM\Debug\Obj\stm32f10x_rcc.o"
#        "D:\Cygni\Products\GOA\Codes\2.
#        RTC_UART\RTC_UART\EWARM\Debug\Obj\stm32f10x_rtc.o"
#        "D:\Cygni\Products\GOA\Codes\2.
#        RTC_UART\RTC_UART\EWARM\Debug\Obj\stm32f10x_usart.o"
#        "D:\Cygni\Products\GOA\Codes\2.
#        RTC_UART\RTC_UART\EWARM\Debug\Obj\system_stm32f10x.o" -o
#        "D:\Cygni\Products\GOA\Codes\2.
#        RTC_UART\RTC_UART\EWARM\Debug\Exe\RTC_UART.out" --redirect
#        _Printf=_PrintfFull --redirect _Scanf=_ScanfFull --map
#        "D:\Cygni\Products\GOA\Codes\2.
#        RTC_UART\RTC_UART\EWARM\Debug\List\RTC_UART.map" --config
#        "D:\Cygni\Products\GOA\Codes\2.
#        RTC_UART\RTC_UART\EWARM\settings\stm32f10x_flash.icf" --semihosting
#        --entry __iar_program_start --vfe
#
###############################################################################

*******************************************************************************
*** RUNTIME MODEL ATTRIBUTES
***

CppFlavor                     = *
__Heap_Handler                = Basic
__SystemLibrary               = DLib
__dlib_dynamic_initialization = normal


*******************************************************************************
*** PLACEMENT SUMMARY
***

"A1":  place at 0x08000000 { ro section .intvec };
"P1":  place in [from 0x08000000 to 0x080fffff] { ro };
"P2":  place in [from 0x20000000 to 0x20017fff] { rw, block CSTACK, block HEAP };
initialize by copy { rw };

  Section             Kind        Address    Size  Object
  -------             ----        -------    ----  ------
"A1":                                       0x150
  .intvec             ro code  0x08000000   0x150  startup_stm32f10x_cl.o [1]
                             - 0x08000150   0x150

"P1":                                      0x3053
  .text               ro code  0x08000150  0x119e  xprintffull.o [3]
  .text               ro code  0x080012ee    0x20  xmbtowc.o [3]
  .text               ro code  0x08001310    0x16  strchr.o [5]
  .text               ro code  0x08001328    0x36  strlen.o [5]
  .text               ro code  0x08001360    0x58  memchr.o [5]
  .text               ro code  0x080013b8     0xa  xmbcurmax.o [3]
  .text               ro code  0x080013c4    0xb0  xxmemxmalloc.o [3]
  .text               ro code  0x08001474    0x1a  xwctomb.o [3]
  .text               ro code  0x08001490    0x76  ABImemcpy_unaligned.o [5]
  .text               ro code  0x08001508    0x80  xxmemxfree.o [3]
  .text               ro code  0x08001588    0xee  I64DivMod.o [5]
  .text               ro code  0x08001676    0x44  xdnorm.o [4]
  .text               ro code  0x080016bc    0x2e  DblCmpLe.o [4]
  .text               ro code  0x080016ec    0x2e  DblCmpGe.o [4]
  .text               ro code  0x0800171c   0x10c  xdscale.o [4]
  .text               ro code  0x08001828    0x58  DblToI32.o [4]
  .text               ro code  0x08001880    0x30  I32ToDbl.o [4]
  .text               ro code  0x080018b0   0x180  DblSub.o [4]
  .text               ro code  0x08001a30   0x1a2  DblMul.o [4]
  .text               ro code  0x08001bd4   0x256  DblDiv.o [4]
  .text               ro code  0x08001e2c    0x6c  localeconv.o [3]
  .text               ro code  0x08001e98     0xe  div.o [3]
  .text               ro code  0x08001ea8    0x14  setlocale.o [3]
  .text               ro code  0x08001ebc    0x60  xencoding_sb.o [3]
  .text               ro code  0x08001f1c    0x2c  xgetmemchunk.o [3]
  .text               ro code  0x08001f48     0x2  I64DivZer.o [5]
  .text               ro code  0x08001f4c    0xd4  DblAdd.o [4]
  .text               ro code  0x08002020     0x2  xtls.o [3]
  .text               ro code  0x08002024   0x3a0  manual_config.o [1]
  .text               ro code  0x080023c4   0x2c4  stm32f10x_rcc.o [1]
  .text               ro code  0x08002688   0x142  stm32f10x_gpio.o [1]
  .text               ro code  0x080027cc   0x12e  stm32f10x_usart.o [1]
  .text               ro code  0x080028fc    0x88  misc.o [1]
  .text               ro code  0x08002984    0x4c  stm32f10x_bkp.o [1]
  .text               ro code  0x080029d0    0x24  printf.o [3]
  .text               ro code  0x080029f4    0xf8  stm32f10x_rtc.o [1]
  .text               ro code  0x08002aec     0xc  stm32f10x_pwr.o [1]
  .text               ro code  0x08002af8   0x1a4  system_stm32f10x.o [1]
  .text               ro code  0x08002c9c    0x68  main.o [1]
  .rodata             const    0x08002d04    0x44  manual_config.o [1]
  .text               ro code  0x08002d48    0x40  zero_init3.o [5]
  .text               ro code  0x08002d88    0x38  stm32f10x_it.o [1]
  .text               ro code  0x08002dc0    0x38  packbits_init_single.o [5]
  .rodata             const    0x08002df8    0x30  manual_config.o [1]
  .rodata             const    0x08002e28    0x2c  main.o [1]
  .rodata             const    0x08002e54    0x2c  manual_config.o [1]
  .text               ro code  0x08002e80    0x28  data_init.o [5]
  .iar.init_table     const    0x08002ea8    0x20  - Linker created -
  .rodata             const    0x08002ec8    0x20  manual_config.o [1]
  .rodata             const    0x08002ee8    0x20  manual_config.o [1]
  .rodata             const    0x08002f08    0x20  manual_config.o [1]
  .rodata             const    0x08002f28    0x20  manual_config.o [1]
  .rodata             const    0x08002f48    0x1c  manual_config.o [1]
  .text               ro code  0x08002f64    0x1a  cmain.o [5]
  .text               ro code  0x08002f7e     0x4  low_level_init.o [3]
  .text               ro code  0x08002f82     0x4  exit.o [3]
  .text               ro code  0x08002f88     0xa  cexit.o [5]
  .text               ro code  0x08002f94    0x14  exit.o [6]
  .rodata             const    0x08002fa8    0x18  manual_config.o [1]
  .rodata             const    0x08002fc0    0x18  manual_config.o [1]
  .rodata             const    0x08002fd8    0x18  manual_config.o [1]
  .rodata             const    0x08002ff0    0x18  manual_config.o [1]
  .text               ro code  0x08003008    0x16  xprout.o [3]
  .text               ro code  0x08003020     0xc  putchar.o [3]
  .text               ro code  0x0800302c    0x10  startup_stm32f10x_cl.o [1]
  .text               ro code  0x0800303c     0xc  cstartup_M.o [5]
  .rodata             const    0x08003048     0x8  manual_config.o [1]
  .text               ro code  0x08003050     0x4  startup_stm32f10x_cl.o [1]
  .text               ro code  0x08003054     0x4  startup_stm32f10x_cl.o [1]
  .text               ro code  0x08003058     0x4  startup_stm32f10x_cl.o [1]
  .text               ro code  0x0800305c     0x4  startup_stm32f10x_cl.o [1]
  .text               ro code  0x08003060     0x4  startup_stm32f10x_cl.o [1]
  .text               ro code  0x08003064     0x4  startup_stm32f10x_cl.o [1]
  .text               ro code  0x08003068     0x4  startup_stm32f10x_cl.o [1]
  .text               ro code  0x0800306c     0x4  startup_stm32f10x_cl.o [1]
  .text               ro code  0x08003070     0x4  startup_stm32f10x_cl.o [1]
  .text               ro code  0x08003074     0x4  startup_stm32f10x_cl.o [1]
  .text               ro code  0x08003078     0x4  startup_stm32f10x_cl.o [1]
  .text               ro code  0x0800307c     0x4  startup_stm32f10x_cl.o [1]
  .text               ro code  0x08003080     0x4  startup_stm32f10x_cl.o [1]
  .text               ro code  0x08003084     0x4  startup_stm32f10x_cl.o [1]
  .text               ro code  0x08003088     0x4  startup_stm32f10x_cl.o [1]
  .text               ro code  0x0800308c     0x4  startup_stm32f10x_cl.o [1]
  .text               ro code  0x08003090     0x4  startup_stm32f10x_cl.o [1]
  .text               ro code  0x08003094     0x4  startup_stm32f10x_cl.o [1]
  .text               ro code  0x08003098     0x4  startup_stm32f10x_cl.o [1]
  .text               ro code  0x0800309c     0x4  startup_stm32f10x_cl.o [1]
  .text               ro code  0x080030a0     0x4  startup_stm32f10x_cl.o [1]
  .text               ro code  0x080030a4     0x4  startup_stm32f10x_cl.o [1]
  .text               ro code  0x080030a8     0x4  startup_stm32f10x_cl.o [1]
  .text               ro code  0x080030ac     0x4  startup_stm32f10x_cl.o [1]
  .text               ro code  0x080030b0     0x4  startup_stm32f10x_cl.o [1]
  .text               ro code  0x080030b4     0x4  startup_stm32f10x_cl.o [1]
  .text               ro code  0x080030b8     0x4  startup_stm32f10x_cl.o [1]
  .text               ro code  0x080030bc     0x4  startup_stm32f10x_cl.o [1]
  .text               ro code  0x080030c0     0x4  startup_stm32f10x_cl.o [1]
  .text               ro code  0x080030c4     0x4  startup_stm32f10x_cl.o [1]
  .text               ro code  0x080030c8     0x4  startup_stm32f10x_cl.o [1]
  .text               ro code  0x080030cc     0x4  startup_stm32f10x_cl.o [1]
  .text               ro code  0x080030d0     0x4  startup_stm32f10x_cl.o [1]
  .text               ro code  0x080030d4     0x4  startup_stm32f10x_cl.o [1]
  .text               ro code  0x080030d8     0x4  startup_stm32f10x_cl.o [1]
  .text               ro code  0x080030dc     0x4  startup_stm32f10x_cl.o [1]
  .text               ro code  0x080030e0     0x4  startup_stm32f10x_cl.o [1]
  .text               ro code  0x080030e4     0x4  startup_stm32f10x_cl.o [1]
  .text               ro code  0x080030e8     0x4  startup_stm32f10x_cl.o [1]
  .text               ro code  0x080030ec     0x4  startup_stm32f10x_cl.o [1]
  .text               ro code  0x080030f0     0x4  startup_stm32f10x_cl.o [1]
  .text               ro code  0x080030f4     0x4  startup_stm32f10x_cl.o [1]
  .text               ro code  0x080030f8     0x4  startup_stm32f10x_cl.o [1]
  .text               ro code  0x080030fc     0x4  startup_stm32f10x_cl.o [1]
  .text               ro code  0x08003100     0x4  startup_stm32f10x_cl.o [1]
  .text               ro code  0x08003104     0x4  startup_stm32f10x_cl.o [1]
  .text               ro code  0x08003108     0x4  startup_stm32f10x_cl.o [1]
  .text               ro code  0x0800310c     0x4  startup_stm32f10x_cl.o [1]
  .text               ro code  0x08003110     0x4  startup_stm32f10x_cl.o [1]
  .text               ro code  0x08003114     0x4  startup_stm32f10x_cl.o [1]
  .text               ro code  0x08003118     0x4  startup_stm32f10x_cl.o [1]
  .text               ro code  0x0800311c     0x4  startup_stm32f10x_cl.o [1]
  .text               ro code  0x08003120     0x4  startup_stm32f10x_cl.o [1]
  .text               ro code  0x08003124     0x4  startup_stm32f10x_cl.o [1]
  .text               ro code  0x08003128     0x4  startup_stm32f10x_cl.o [1]
  .text               ro code  0x0800312c     0x4  startup_stm32f10x_cl.o [1]
  .text               ro code  0x08003130     0x4  startup_stm32f10x_cl.o [1]
  .text               ro code  0x08003134     0x4  startup_stm32f10x_cl.o [1]
  .text               ro code  0x08003138     0x4  startup_stm32f10x_cl.o [1]
  .text               ro code  0x0800313c     0x4  startup_stm32f10x_cl.o [1]
  .text               ro code  0x08003140     0x4  startup_stm32f10x_cl.o [1]
  .text               ro code  0x08003144     0x4  startup_stm32f10x_cl.o [1]
  .text               ro code  0x08003148     0x4  startup_stm32f10x_cl.o [1]
  .text               ro code  0x0800314c     0x4  startup_stm32f10x_cl.o [1]
  .text               ro code  0x08003150     0x4  startup_stm32f10x_cl.o [1]
  .text               ro code  0x08003154     0x4  startup_stm32f10x_cl.o [1]
  .text               ro code  0x08003158     0x4  startup_stm32f10x_cl.o [1]
  .text               ro code  0x0800315c     0x4  startup_stm32f10x_cl.o [1]
  .text               ro code  0x08003160     0x4  startup_stm32f10x_cl.o [1]
  .rodata             const    0x08003164     0x0  zero_init3.o [5]
  .rodata             const    0x08003164     0x0  packbits_init_single.o [5]
  Initializer bytes   const    0x08003164    0x3f  <for P2-1>
                             - 0x080031a3  0x3053

"P2", part 1 of 3:                          0x150
  P2-1                         0x20000000   0x150  <Init block>
    .data             inited   0x20000000    0x10  stm32f10x_rcc.o [1]
    .data             inited   0x20000010     0x4  stm32f10x_rcc.o [1]
    .data             inited   0x20000014    0x40  xfiles.o [3]
    __DLIB_PERTHREAD  inited   0x20000054    0x88  localeconv.o [3]
    __DLIB_PERTHREAD  inited   0x200000dc    0x74  setlocale.o [3]
                             - 0x20000150   0x150

"P2", part 2 of 3:                          0x600
  CSTACK                       0x20000150   0x400  <Block>
    CSTACK            uninit   0x20000150   0x400  <Block tail>
  HEAP                         0x20000550   0x200  <Block>
    HEAP              uninit   0x20000550   0x200  <Block tail>
                             - 0x20000750   0x600

"P2", part 3 of 3:                           0x5c
  .bss                zero     0x20000750    0x50  xfiles.o [3]
  .bss                zero     0x200007a0     0x8  xxmemxmalloc.o [3]
  .bss                zero     0x200007a8     0x4  xgetmemchunk.o [3]
                             - 0x200007ac    0x5c


*******************************************************************************
*** INIT TABLE
***

          Address     Size
          -------     ----
Zero (__iar_zero_init3)
    1 destination range, total size 0x5c:
          0x20000750   0x5c

Copy/packbits (__iar_packbits_init_single3)
    1 source range, total size 0x3f (18% of destination):
          0x08003164   0x3f
    1 destination range, total size 0x150:
          0x20000000  0x150



*******************************************************************************
*** MODULE SUMMARY
***

    Module                  ro code  ro data  rw data
    ------                  -------  -------  -------
D:\Cygni\Products\GOA\Codes\2. RTC_UART\RTC_UART\EWARM\Debug\Obj: [1]
    main.o                      104       44
    manual_config.o             928      420
    misc.o                      136
    startup_stm32f10x_cl.o      628
    stm32f10x_bkp.o              76
    stm32f10x_gpio.o            322
    stm32f10x_it.o               56
    stm32f10x_pwr.o              12
    stm32f10x_rcc.o             708        3       20
    stm32f10x_rtc.o             248
    stm32f10x_usart.o           302
    system_stm32f10x.o          420
    -------------------------------------------------
    Total:                    3 940      467       20

command line: [2]
    -------------------------------------------------
    Total:

dl7M_tlf.a: [3]
    div.o                        14
    exit.o                        4
    localeconv.o                108       26      136
    low_level_init.o              4
    printf.o                     36
    putchar.o                    12
    setlocale.o                  20       22      116
    xencoding_sb.o               96
    xfiles.o                              12      144
    xgetmemchunk.o               44                 4
    xmbcurmax.o                  10
    xmbtowc.o                    32
    xprintffull.o             4 510
    xprout.o                     22
    xtls.o                        2
    xwctomb.o                    26
    xxmemxfree.o                128
    xxmemxmalloc.o              176                 8
    -------------------------------------------------
    Total:                    5 244       60      408

m7M_tl.a: [4]
    DblAdd.o                    212
    DblCmpGe.o                   46
    DblCmpLe.o                   46
    DblDiv.o                    598
    DblMul.o                    418
    DblSub.o                    384
    DblToI32.o                   88
    I32ToDbl.o                   48
    xdnorm.o                     68
    xdscale.o                   268
    -------------------------------------------------
    Total:                    2 176

rt7M_tl.a: [5]
    ABImemcpy_unaligned.o       118
    I64DivMod.o                 238
    I64DivZer.o                   2
    cexit.o                      10
    cmain.o                      26
    cstartup_M.o                 12
    data_init.o                  40
    memchr.o                     88
    packbits_init_single.o       56
    strchr.o                     22
    strlen.o                     54
    zero_init3.o                 64
    -------------------------------------------------
    Total:                      730

shb_l.a: [6]
    exit.o                       20
    -------------------------------------------------
    Total:                       20

    Gaps                         38
    Linker created                        32    1 536
-----------------------------------------------------
    Grand Total:             12 148      559    1 964


*******************************************************************************
*** ENTRY LIST
***

Entry                      Address   Size  Type      Object
-----                      -------   ----  ----      ------
.iar.init_table$$Base   0x08002ea8          --   Gb  - Linker created -
.iar.init_table$$Limit  0x08002ec8          --   Gb  - Linker created -
?main                   0x08002f65         Code  Gb  cmain.o [5]
ADCPrescTable           0x20000010    0x4  Data  Lc  stm32f10x_rcc.o [1]
APBAHBPrescTable        0x20000000   0x10  Data  Lc  stm32f10x_rcc.o [1]
BKP_DeInit              0x08002985   0x10  Code  Gb  stm32f10x_bkp.o [1]
BKP_ReadBackupRegister  0x080029b1   0x1c  Code  Gb  stm32f10x_bkp.o [1]
BKP_WriteBackupRegister
                        0x08002995   0x1c  Code  Gb  stm32f10x_bkp.o [1]
CSTACK$$Base            0x20000150          --   Gb  - Linker created -
CSTACK$$Limit           0x20000550          --   Gb  - Linker created -
GPIO_Configuration      0x0800203b   0x56  Code  Gb  manual_config.o [1]
GPIO_Init               0x08002689  0x136  Code  Gb  stm32f10x_gpio.o [1]
GPIO_ResetBits          0x080027c5    0x6  Code  Gb  stm32f10x_gpio.o [1]
GPIO_SetBits            0x080027bf    0x6  Code  Gb  stm32f10x_gpio.o [1]
HEAP$$Base              0x20000550          --   Gb  - Linker created -
HEAP$$Limit             0x20000750          --   Gb  - Linker created -
LoadInt                 0x080007bf   0x70  Code  Lc  xprintffull.o [3]
NVIC_Configuration      0x080020cd   0x2a  Code  Gb  manual_config.o [1]
NVIC_Init               0x08002907   0x68  Code  Gb  misc.o [1]
NVIC_PriorityGroupConfig
                        0x080028fd    0xa  Code  Gb  misc.o [1]
OutString               0x080021c5   0x32  Code  Gb  manual_config.o [1]
PWR_BackupAccessCmd     0x08002aed    0x8  Code  Gb  stm32f10x_pwr.o [1]
RCC_APB1PeriphClockCmd  0x080025cb   0x1e  Code  Gb  stm32f10x_rcc.o [1]
RCC_APB2PeriphClockCmd  0x080025ad   0x1e  Code  Gb  stm32f10x_rcc.o [1]
RCC_BackupResetCmd      0x080025e9    0x8  Code  Gb  stm32f10x_rcc.o [1]
RCC_ClearFlag           0x08002643    0xe  Code  Gb  stm32f10x_rcc.o [1]
RCC_Configuration       0x08002025   0x16  Code  Gb  manual_config.o [1]
RCC_GetClocksFreq       0x0800240d  0x1a0  Code  Gb  stm32f10x_rcc.o [1]
RCC_GetFlagStatus       0x080025f1   0x52  Code  Gb  stm32f10x_rcc.o [1]
RCC_LSEConfig           0x080023c5   0x34  Code  Gb  stm32f10x_rcc.o [1]
RCC_RTCCLKCmd           0x08002405    0x8  Code  Gb  stm32f10x_rcc.o [1]
RCC_RTCCLKConfig        0x080023f9    0xc  Code  Gb  stm32f10x_rcc.o [1]
RTC_ClearITPendingBit   0x08002ac7    0xc  Code  Gb  stm32f10x_rtc.o [1]
RTC_Configuration       0x0800216f   0x56  Code  Gb  manual_config.o [1]
RTC_EnterConfigMode     0x08002a13    0xe  Code  Gb  stm32f10x_rtc.o [1]
RTC_ExitConfigMode      0x08002a21   0x10  Code  Gb  stm32f10x_rtc.o [1]
RTC_GetCounter          0x08002a31   0x16  Code  Gb  stm32f10x_rtc.o [1]
RTC_GetITStatus         0x08002a9d   0x2a  Code  Gb  stm32f10x_rtc.o [1]
RTC_IRQHandler          0x08002d89   0x38  Code  Gb  stm32f10x_it.o [1]
RTC_ITConfig            0x080029f5   0x1e  Code  Gb  stm32f10x_rtc.o [1]
RTC_Prim_Config         0x080020f7   0x78  Code  Gb  manual_config.o [1]
RTC_SetCounter          0x08002a47   0x18  Code  Gb  stm32f10x_rtc.o [1]
RTC_SetPrescaler        0x08002a5f   0x1c  Code  Gb  stm32f10x_rtc.o [1]
RTC_WaitForLastTask     0x08002a7b    0xa  Code  Gb  stm32f10x_rtc.o [1]
RTC_WaitForSynchro      0x08002a85   0x18  Code  Gb  stm32f10x_rtc.o [1]
Region$$Table$$Base     0x08002ea8          --   Gb  - Linker created -
Region$$Table$$Limit    0x08002ec8          --   Gb  - Linker created -
SetSysClock             0x08002b5f    0x8  Code  Lc  system_stm32f10x.o [1]
SetSysClockTo72         0x08002b67  0x110  Code  Lc  system_stm32f10x.o [1]
SystemInit              0x08002af9   0x66  Code  Gb  system_stm32f10x.o [1]
Time_Adjust             0x0800227b   0x14  Code  Gb  manual_config.o [1]
Time_Display            0x08002219   0x62  Code  Gb  manual_config.o [1]
Time_Regulate           0x0800228f   0x74  Code  Gb  manual_config.o [1]
USART_Cmd               0x080028b1   0x1c  Code  Gb  stm32f10x_usart.o [1]
USART_Configuration     0x08002091   0x3c  Code  Gb  manual_config.o [1]
USART_GetFlagStatus     0x080028dd   0x1e  Code  Gb  stm32f10x_usart.o [1]
USART_Init              0x080027cd   0xde  Code  Gb  stm32f10x_usart.o [1]
USART_ReceiveData       0x080028d5    0x8  Code  Gb  stm32f10x_usart.o [1]
USART_Scanf             0x08002303   0x7c  Code  Gb  manual_config.o [1]
USART_SendData          0x080028cd    0x8  Code  Gb  stm32f10x_usart.o [1]
_EncodingSb_Mbtowc      0x08001ed7   0x30  Code  Gb  xencoding_sb.o [3]
_EncodingSb_Mbtowc::initial
                        0x08001f14    0x8  Data  Lc  xencoding_sb.o [3]
_EncodingSb_Wctomb      0x08001ebd   0x1a  Code  Gb  xencoding_sb.o [3]
_EncodingSb_Wctomb::initial
                        0x08001f0c    0x8  Data  Lc  xencoding_sb.o [3]
_GenldFull              0x08001051  0x254  Code  Lc  xprintffull.o [3]
_IsdstStr               0x200000e0    0x4  Data  Gb  setlocale.o [3]
_LdtobFull              0x08000c45  0x406  Code  Lc  xprintffull.o [3]
_LitobFull              0x08000b3b  0x10a  Code  Lc  xprintffull.o [3]
_LocaleEncoding         0x08001ea9    0xe  Code  Gb  setlocale.o [3]
_LocaleReturnString     0x20000100   0x50  Data  Lc  setlocale.o [3]
_Locale_Profile         0x200000e4   0x1c  Data  Gb  setlocale.o [3]
_Locale_aeabi_lconv     0x200000a4   0x38  Data  Gb  localeconv.o [3]
_Locale_lconv           0x20000054   0x50  Data  Gb  localeconv.o [3]
_Mbtowc                 0x080012ef   0x20  Code  Gb  xmbtowc.o [3]
_PrintfFull             0x08000151  0x658  Code  Gb  xprintffull.o [3]
_Prout                  0x08003009   0x16  Code  Gb  xprout.o [3]
_PutcharsFull           0x080012a5   0x2e  Code  Lc  xprintffull.o [3]
_PutstrFull             0x0800082f  0x306  Code  Lc  xprintffull.o [3]
_TzoneStr               0x200000dc    0x4  Data  Gb  setlocale.o [3]
_Wctomb                 0x08001475   0x1a  Code  Gb  xwctomb.o [3]
__aeabi_cdcmple         0x080016bd         Code  Gb  DblCmpLe.o [4]
__aeabi_cdrcmple        0x080016ed         Code  Gb  DblCmpGe.o [4]
__aeabi_d2iz            0x08001829         Code  Gb  DblToI32.o [4]
__aeabi_d2uiz           0x08001855         Code  Gb  DblToI32.o [4]
__aeabi_ddiv            0x08001bd5         Code  Gb  DblDiv.o [4]
__aeabi_dmul            0x08001a31         Code  Gb  DblMul.o [4]
__aeabi_dsub            0x080018b1         Code  Gb  DblSub.o [4]
__aeabi_i2d             0x08001881         Code  Gb  I32ToDbl.o [4]
__aeabi_ldiv0           0x08001f49         Code  Gb  I64DivZer.o [5]
__aeabi_ui2d            0x08001895         Code  Gb  I32ToDbl.o [4]
__aeabi_uldivmod        0x08001589         Code  Gb  I64DivMod.o [5]
__cmain                 0x08002f65         Code  Gb  cmain.o [5]
__data_Aldata           0x200007a0    0x8  Data  Gb  xxmemxmalloc.o [3]
__data_GetMemChunk      0x08001f1d   0x2c  Code  Gb  xgetmemchunk.o [3]
__data_GetMemChunk::start
                        0x200007a8    0x4  Data  Lc  xgetmemchunk.o [3]
__exit                  0x08002f95   0x14  Code  Gb  exit.o [6]
__iar_Dnorm             0x08001677   0x44  Code  Gb  xdnorm.o [4]
__iar_Dscale            0x0800171d  0x10c  Code  Gb  xdscale.o [4]
__iar_Locale_lconv_init
                        0x08001e2d   0x3a  Code  Gb  localeconv.o [3]
__iar_Mbcurmax          0x080013b9    0xa  Code  Gb  xmbcurmax.o [3]
__iar_Memchr            0x08001361         Code  Gb  memchr.o [5]
__iar_Stdout            0x20000014   0x40  Data  Gb  xfiles.o [3]
__iar_Strchr            0x08001311         Code  Gb  strchr.o [5]
__iar_d2uiz             0x08001861         Code  Gb  DblToI32.o [4]
__iar_dadd              0x08001f4d         Code  Gb  DblAdd.o [4]
__iar_data_init3        0x08002e81   0x28  Code  Gb  data_init.o [5]
__iar_dlib_perthread_access
                        0x08002021    0x2  Code  Gb  xtls.o [3]
__iar_dsub              0x080018c5         Code  Gb  DblSub.o [4]
__iar_dsubStart         0x080018d7         Code  Gb  DblSub.o [4]
__iar_packbits_init_single3
                        0x08002dc1   0x38  Code  Gb  packbits_init_single.o [5]
__iar_program_start     0x0800303d         Code  Gb  cstartup_M.o [5]
__iar_ui2d              0x08001899         Code  Gb  I32ToDbl.o [4]
__iar_unaligned___aeabi_memcpy
                        0x08001491         Code  Gb  ABImemcpy_unaligned.o [5]
__iar_unaligned___aeabi_memcpy4
                        0x080014b1         Code  Gb  ABImemcpy_unaligned.o [5]
__iar_unaligned___aeabi_memcpy8
                        0x080014b1         Code  Gb  ABImemcpy_unaligned.o [5]
__iar_zero_init3        0x08002d49   0x40  Code  Gb  zero_init3.o [5]
__low_level_init        0x08002f7f    0x4  Code  Gb  low_level_init.o [3]
__vector_table          0x08000000         Data  Gb  startup_stm32f10x_cl.o [1]
_call_main              0x08002f71         Code  Gb  cmain.o [5]
_exit                   0x08002f89         Code  Gb  cexit.o [5]
_main                   0x08002f7b         Code  Gb  cmain.o [5]
configurations          0x08002ced   0x18  Code  Gb  main.o [1]
div                     0x08001e99    0xe  Code  Gb  div.o [3]
exit                    0x08002f83    0x4  Code  Gb  exit.o [3]
fputc                   0x080021f7   0x22  Code  Gb  manual_config.o [1]
free                    0x08001509   0x7a  Code  Gb  xxmemxfree.o [3]
localeconv              0x08001e67   0x16  Code  Gb  localeconv.o [3]
main                    0x08002c9d   0x42  Code  Gb  main.o [1]
malloc                  0x080013c5   0xac  Code  Gb  xxmemxmalloc.o [3]
memchr                  0x08001361         Code  Gb  memchr.o [5]
obuf                    0x20000750   0x50  Data  Lc  xfiles.o [3]
printf                  0x080029d1   0x24  Code  Gb  printf.o [3]
putchar                 0x08003021    0xc  Code  Gb  putchar.o [3]
strchr                  0x08001311         Code  Gb  strchr.o [5]
strlen                  0x08001329         Code  Gb  strlen.o [5]


[1] = D:\Cygni\Products\GOA\Codes\2. RTC_UART\RTC_UART\EWARM\Debug\Obj
[2] = command line
[3] = dl7M_tlf.a
[4] = m7M_tl.a
[5] = rt7M_tl.a
[6] = shb_l.a

  12 148 bytes of readonly  code memory
     559 bytes of readonly  data memory
   1 964 bytes of readwrite data memory

Errors: none
Warnings: none
